==================================================
  RAG Pipeline - Step 1: Document Ingestion
==================================================

[*] Starting text extraction for 'nvidia_10k.pdf' (pages 35 to 50)...
    -> Extracted 53,986 characters from 'nvidia_10k.pdf'.

[*] Starting text extraction for 'attention_paper.pdf' (pages 1 to 15)...
    -> Extracted 40,035 characters from 'attention_paper.pdf'.

[*] Starting text extraction for 'nist_framework.pdf' (pages 10 to 25)...
    -> Extracted 36,589 characters from 'nist_framework.pdf'.

==================================================
[+] Total number of documents successfully loaded into memory: 3
==================================================

==================================================
  RAG Pipeline - Step 2: Document Chunking
==================================================
Total fixed-size chunks created: 162
Total semantic chunks created:   1225

--- Preview of First Fixed-Size Chunk ---
ID: 0 | Source: 'nvidia_10k.pdf'
Text Preview: "PROXY SUMMARY This summary highlights information contained elsewhere in the proxy statement. This s..."

--- Preview of First Semantic Chunk ---
ID: 0 | Source: 'nvidia_10k.pdf'
Text Preview: "PROXY SUMMARY..."
==================================================

==================================================
  RAG Pipeline - Step 3 & 4: Embeddings & Storage
==================================================

[*] Generating embeddings for 162 chunks in 'collection_fixed' using 'voyage-3-lite'...
    -> Batch 1/7: Embedding 26 chunks (~3,900 words)...
    -> Batch 2/7: Embedding 26 chunks (~3,900 words)...
    -> Batch 3/7: Embedding 26 chunks (~3,892 words)...
    -> Batch 4/7: Embedding 26 chunks (~3,900 words)...
    [!] Rate limit encountered. Waiting 22s before retry (attempt 1/5)...
    -> Batch 5/7: Embedding 27 chunks (~3,995 words)...
    [!] Rate limit encountered. Waiting 22s before retry (attempt 1/5)...
    -> Batch 6/7: Embedding 26 chunks (~3,900 words)...
    [!] Rate limit encountered. Waiting 22s before retry (attempt 1/5)...
    -> Batch 7/7: Embedding 5 chunks (~656 words)...
[+] Embeddings generated successfully! Vector dimension: 512
[*] Uploading 162 points to Qdrant collection 'collection_fixed'...
[+] Successfully stored 162 vectors in collection 'collection_fixed'.

[*] Generating embeddings for 1225 chunks in 'collection_semantic' using 'voyage-3-lite'...
    -> Batch 1/5: Embedding 230 chunks (~3,915 words)...
    [!] Rate limit encountered. Waiting 22s before retry (attempt 1/5)...
    -> Batch 2/5: Embedding 164 chunks (~3,955 words)...
    -> Batch 3/5: Embedding 156 chunks (~3,943 words)...
    -> Batch 4/5: Embedding 452 chunks (~3,959 words)...
    [!] Rate limit encountered. Waiting 22s before retry (attempt 1/5)...
    -> Batch 5/5: Embedding 223 chunks (~3,601 words)...
[+] Embeddings generated successfully! Vector dimension: 512
[*] Uploading 1225 points to Qdrant collection 'collection_semantic'...
[+] Successfully stored 1225 vectors in collection 'collection_semantic'.

==================================================
  Vector Storage Verification Summary
==================================================
[+] Total vectors stored in 'collection_fixed':    162
[+] Total vectors stored in 'collection_semantic': 1225
==================================================

==================================================
  RAG Pipeline - Step 5: Retrieval & Generation
==================================================
Query: "What are the main components of the Transformer architecture?"

--- Retrieval: FIXED chunking (collection_fixed) ---
  [1] score=0.6235 source=attention_paper.pdf | "symbol representations (x1, ..., xn) to a sequence of continuous representations z = (z1, ..., zn). ..."
  [2] score=0.5725 source=attention_paper.pdf | "early when possible [38]. Table 2 summarizes our results and compares our translation quality and tr..."
  [3] score=0.5551 source=attention_paper.pdf | "Provided proper attribution is provided, Google hereby grants permission to reproduce the tables and..."
  [4] score=0.5481 source=attention_paper.pdf | "maximum output length to input length + 300. We used a beam size of 21 and α = 0.3 for both WSJ only..."
  [5] score=0.5480 source=attention_paper.pdf | "generate a sequence of hidden states ht, as a function of the previous hidden state ht−1 and the inp..."

--- Generation: FIXED chunking ---
The main components of the Transformer architecture are stacked self-attention and point-wise, fully connected layers for both the encoder and decoder [1]. The encoder is composed of a stack of N = 6 identical layers, each with two sub-layers: a multi-head self-attention mechanism and a simple, position-wise fully connected feed-forward network [1].

--- Retrieval: SEMANTIC chunking (collection_semantic) ---
    [!] Rate limit encountered. Waiting 22s before retry (attempt 1/5)...
  [1] score=0.6388 source=attention_paper.pdf | "In this work we propose the Transformer, a model architecture eschewing recurrence and instead relyi..."
  [2] score=0.6387 source=attention_paper.pdf | "The Transformer follows this overall architecture using stacked self-attention and point-wise, fully..."
  [3] score=0.6345 source=attention_paper.pdf | "Figure 1: The Transformer - model architecture...."
  [4] score=0.6098 source=attention_paper.pdf | "To evaluate the importance of different components of the Transformer, we varied our base model in d..."
  [5] score=0.6077 source=attention_paper.pdf | "Table 3: Variations on the Transformer architecture. Unlisted values are identical to those of the b..."

--- Generation: SEMANTIC chunking ---
The context does not explicitly state the main components of the Transformer architecture, but it mentions that the Transformer uses "stacked self-attention and point-wise, fully connected layers for both the encoder and decoder" [2]. This suggests that self-attention and fully connected layers are key components, but it does not provide a comprehensive list of all the main components.

==================================================
